Loading initial RAM contents
waitreq = x
waitreq = x
waitreq = x
waitreq = x
waitreq = 0
!!REGISTER RESET
waitreq = 0
waitreq = 1
---FETCH---
Fetching instruction at bfc00000. Branch status is:0
addr is 3217031168
temp addr is 1024,       1025,       1026,       1027
memory is ff, ff, 08, 25
---FETCH---
Fetching instruction at bfc00000. Branch status is:0
waitreq = 0
waitreq = 0
---DECODE---
Read:0Write:0
Fetched instruction is 2508ffff. Accessing registers  8,  8
---EXEC---
ALU operation 4
Reg  8 = 00000000. Reg  8 = 00000000
waitreq = 0
waitreq = 0
---MEMORY---
AluOut:4294967295
regB data:         0
---WRITEBACK---
waitreq = 0
waitreq = 0
addr is 3217031172
temp addr is 1028,       1029,       1030,       1031
memory is ff, ff, e7, 24
---FETCH---
Fetching instruction at bfc00004. Branch status is:0
!! REG  8 is being written with data ffffffff
---DECODE---
Read:0Write:0
Fetched instruction is 24e7ffff. Accessing registers  7,  7
waitreq = 0
waitreq = 0
---EXEC---
ALU operation 4
Reg  7 = 00000000. Reg  7 = 00000000
---MEMORY---
AluOut:4294967295
regB data:         0
waitreq = 0
waitreq = 0
---WRITEBACK---
!! REG  7 is being written with data ffffffff
---FETCH---
Fetching instruction at bfc00008. Branch status is:0
waitreq = 1
addr is 3217031176
temp addr is 1032,       1033,       1034,       1035
memory is 24, 10, 07, 01
waitreq = 0
---FETCH---
Fetching instruction at bfc00008. Branch status is:0
---DECODE---
Read:0Write:0
Fetched instruction is 01071024. Accessing registers  8,  7
waitreq = 0
waitreq = 0
---EXEC---
ALU operation 0
Reg  8 = ffffffff. Reg  7 = ffffffff
---MEMORY---
AluOut:4294967295
regB data:4294967295
waitreq = 0
waitreq = 0
---WRITEBACK---
!! REG  2 is being written with data ffffffff
---FETCH---
Fetching instruction at bfc0000c. Branch status is:0
waitreq = 0
addr is 3217031180
temp addr is 1036,       1037,       1038,       1039
memory is 08, 00, 00, 00
waitreq = 0
---DECODE---
Read:0Write:0
Fetched instruction is 00000008. Accessing registers  0,  0
---EXEC---
ALU operation15
Reg  0 = 00000000. Reg  0 = 00000000
waitreq = 0
waitreq = 0
---MEMORY---
AluOut:4294967295
regB data:         0
---WRITEBACK---
waitreq = 0
waitreq = 1
---FETCH---
Fetching instruction at bfc00010. Branch status is:2
addr is 3217031184
temp addr is 1040,       1041,       1042,       1043
memory is 00, 00, 00, 00
---FETCH---
Fetching instruction at bfc00010. Branch status is:2
waitreq = 0
waitreq = 0
---DECODE---
Read:0Write:0
Fetched instruction is 00000000. Accessing registers  0,  0
---EXEC---
ALU operation 8
Reg  0 = 00000000. Reg  0 = 00000000
waitreq = 0
waitreq = 0
---MEMORY---
AluOut:         0
regB data:         0
---WRITEBACK---
waitreq = 0
waitreq = 0
addr is          0
temp addr is    0,          1,          2,          3
memory is 00, 00, 00, 00
---FETCH---
Fetching instruction at 00000000. Branch status is:0
waitreq = 0
register_v0=ffffffff
active=0
test/mips_cpu_bus_tb.v:82: $finish called at 760 (1s)
