Loading initial RAM contents
waitreq = 0
!!REGISTER RESET
waitreq = 0
waitreq = 1
---FETCH---
Fetching instruction at bfc00000. Branch status is:0
addr is 3217031168
temp addr is    x,          x,          x,          x
memory is xx, xx, xx, xx
---FETCH---
Fetching instruction at bfc00000. Branch status is:0
waitreq = 0
waitreq = 0
---DECODE---
Read:0Write:0
Fetched instruction is xxxxxxxx. Accessing registers  x,  x
---EXEC---
waitreq = 0
TB : CPU asserted read and write at the same time.
waitreq = 0
---MEMORY---
---WRITEBACK---
waitreq = 0
waitreq = 0
addr is 3217031172
temp addr is    0,          1,          2,          3
memory is ee, cf, 94, 26
---FETCH---
Fetching instruction at bfc00004. Branch status is:0
---DECODE---
Read:0Write:0
Fetched instruction is 2694cfee. Accessing registers 22, 15
waitreq = 0
waitreq = 0
---EXEC---
---MEMORY---
waitreq = 0
waitreq = 0
---WRITEBACK---
!! REG 20 is being written with data ffffcfee
---FETCH---
Fetching instruction at bfc00008. Branch status is:0
waitreq = 1
addr is 3217031176
temp addr is    4,          5,          6,          7
memory is ee, 8f, 82, 32
waitreq = 0
---FETCH---
Fetching instruction at bfc00008. Branch status is:0
---DECODE---
Read:0Write:0
Fetched instruction is 32828fee. Accessing registers 20, 15
waitreq = 0
waitreq = 0
---EXEC---
---MEMORY---
waitreq = 0
waitreq = 0
---WRITEBACK---
!! REG  2 is being written with data 00008fee
---FETCH---
Fetching instruction at bfc0000c. Branch status is:0
waitreq = 0
addr is 3217031180
temp addr is    8,          9,         10,         11
memory is 08, 00, 00, 00
waitreq = 0
---DECODE---
Read:0Write:0
Fetched instruction is 00000008. Accessing registers  0,  0
---EXEC---
waitreq = 0
waitreq = 0
---MEMORY---
---WRITEBACK---
waitreq = 0
waitreq = 1
---FETCH---
Fetching instruction at bfc00010. Branch status is:2
addr is 3217031184
temp addr is   12,         13,         14,         15
memory is 00, 00, 00, 00
---FETCH---
Fetching instruction at bfc00010. Branch status is:2
waitreq = 0
waitreq = 0
---DECODE---
Read:0Write:0
Fetched instruction is 00000000. Accessing registers  0,  0
---EXEC---
waitreq = 0
waitreq = 0
---MEMORY---
---WRITEBACK---
waitreq = 0
waitreq = 0
addr is          0
temp addr is   16,         17,         18,         19
memory is 00, 00, 00, 00
---FETCH---
Fetching instruction at 00000000. Branch status is:0
waitreq = 0
register_v0=00008fee
active=0
test/mips_cpu_bus_tb.v:78: $finish called at 635 (1s)
