Loading initial RAM contents
waitreq = x
waitreq = x
waitreq = x
waitreq = x
waitreq = 0
!!REGISTER RESET
waitreq = 0
waitreq = 1
---FETCH---
Fetching instruction at bfc00000. Branch status is:0
addr is 3217031168
temp addr is 1024,       1025,       1026,       1027
memory is 24, 63, 00, 01
---FETCH---
Fetching instruction at bfc00000. Branch status is:0
waitreq = 0
waitreq = 0
---DECODE---
Read:0Write:0
Fetched instruction is 24630001. Accessing registers  3,  3
---EXEC---
ALU operation 4
Reg  3 = 00000000. Reg  3 = 00000000
waitreq = 0
waitreq = 0
---MEMORY---
AluOut:         1
regB data:         0
---WRITEBACK---
waitreq = 0
waitreq = 0
addr is 3217031172
temp addr is 1028,       1029,       1030,       1031
memory is 24, e7, 00, 0f
---FETCH---
Fetching instruction at bfc00004. Branch status is:0
!! REG  3 is being written with data 00000001
---DECODE---
Read:0Write:0
Fetched instruction is 24e7000f. Accessing registers  7,  7
waitreq = 0
waitreq = 0
---EXEC---
ALU operation 4
Reg  7 = 00000000. Reg  7 = 00000000
---MEMORY---
AluOut:        15
regB data:         0
waitreq = 0
waitreq = 0
---WRITEBACK---
!! REG  7 is being written with data 0000000f
---FETCH---
Fetching instruction at bfc00008. Branch status is:0
waitreq = 1
addr is 3217031176
temp addr is 1032,       1033,       1034,       1035
memory is 25, 08, 00, 0f
waitreq = 0
---FETCH---
Fetching instruction at bfc00008. Branch status is:0
---DECODE---
Read:0Write:0
Fetched instruction is 2508000f. Accessing registers  8,  8
waitreq = 0
waitreq = 0
---EXEC---
ALU operation 4
Reg  8 = 00000000. Reg  8 = 00000000
---MEMORY---
AluOut:        15
regB data:         0
waitreq = 0
waitreq = 0
---WRITEBACK---
!! REG  8 is being written with data 0000000f
---FETCH---
Fetching instruction at bfc0000c. Branch status is:0
waitreq = 0
addr is 3217031180
temp addr is 1036,       1037,       1038,       1039
memory is 10, e8, ff, fd
waitreq = 0
---DECODE---
Read:0Write:0
Fetched instruction is 10e8fffd. Accessing registers  7,  8
---EXEC---
ALU operation 5
Reg  7 = 0000000f. Reg  8 = 0000000f
waitreq = 0
waitreq = 0
---MEMORY---
AluOut:         0
regB data:        15
---WRITEBACK---
waitreq = 0
waitreq = 1
---FETCH---
Fetching instruction at bfc00010. Branch status is:2
addr is 3217031184
temp addr is 1040,       1041,       1042,       1043
memory is 25, 08, 00, 05
---FETCH---
Fetching instruction at bfc00010. Branch status is:2
waitreq = 0
waitreq = 0
---DECODE---
Read:0Write:0
Fetched instruction is 25080005. Accessing registers  8,  8
---EXEC---
ALU operation 4
Reg  8 = 0000000f. Reg  8 = 0000000f
waitreq = 0
waitreq = 0
---MEMORY---
AluOut:        20
regB data:        15
---WRITEBACK---
waitreq = 0
waitreq = 0
addr is 3217031172
temp addr is 1028,       1029,       1030,       1031
memory is 24, e7, 00, 0f
---FETCH---
Fetching instruction at bfc00004. Branch status is:0
!! REG  8 is being written with data 00000014
---DECODE---
Read:0Write:0
Fetched instruction is 24e7000f. Accessing registers  7,  7
waitreq = 0
waitreq = 0
---EXEC---
ALU operation 4
Reg  7 = 0000000f. Reg  7 = 0000000f
---MEMORY---
AluOut:        30
regB data:        15
waitreq = 0
waitreq = 0
---WRITEBACK---
!! REG  7 is being written with data 0000001e
---FETCH---
Fetching instruction at bfc00008. Branch status is:0
waitreq = 1
addr is 3217031176
temp addr is 1032,       1033,       1034,       1035
memory is 25, 08, 00, 0f
waitreq = 0
---FETCH---
Fetching instruction at bfc00008. Branch status is:0
---DECODE---
Read:0Write:0
Fetched instruction is 2508000f. Accessing registers  8,  8
waitreq = 0
waitreq = 0
---EXEC---
ALU operation 4
Reg  8 = 00000014. Reg  8 = 00000014
---MEMORY---
AluOut:        35
regB data:        20
waitreq = 0
waitreq = 0
---WRITEBACK---
!! REG  8 is being written with data 00000023
---FETCH---
Fetching instruction at bfc0000c. Branch status is:0
waitreq = 0
addr is 3217031180
temp addr is 1036,       1037,       1038,       1039
memory is 10, e8, ff, fd
waitreq = 0
---DECODE---
Read:0Write:0
Fetched instruction is 10e8fffd. Accessing registers  7,  8
---EXEC---
ALU operation 5
Reg  7 = 0000001e. Reg  8 = 00000023
waitreq = 0
waitreq = 0
---MEMORY---
AluOut:4294967291
regB data:        35
---WRITEBACK---
waitreq = 0
waitreq = 1
---FETCH---
Fetching instruction at bfc00010. Branch status is:0
addr is 3217031184
temp addr is 1040,       1041,       1042,       1043
memory is 25, 08, 00, 05
---FETCH---
Fetching instruction at bfc00010. Branch status is:0
waitreq = 0
waitreq = 0
---DECODE---
Read:0Write:0
Fetched instruction is 25080005. Accessing registers  8,  8
---EXEC---
ALU operation 4
Reg  8 = 00000023. Reg  8 = 00000023
waitreq = 0
waitreq = 0
---MEMORY---
AluOut:        40
regB data:        35
---WRITEBACK---
waitreq = 0
waitreq = 0
addr is 3217031188
temp addr is 1044,       1045,       1046,       1047
memory is 00, 00, 00, 00
---FETCH---
Fetching instruction at bfc00014. Branch status is:0
!! REG  8 is being written with data 00000028
---DECODE---
Read:0Write:0
Fetched instruction is 00000000. Accessing registers  0,  0
waitreq = 0
waitreq = 0
---EXEC---
ALU operation 8
Reg  0 = 00000000. Reg  0 = 00000000
---MEMORY---
AluOut:         0
regB data:         0
waitreq = 0
waitreq = 0
---WRITEBACK---
---FETCH---
Fetching instruction at bfc00018. Branch status is:0
waitreq = 1
addr is 3217031192
temp addr is 1048,       1049,       1050,       1051
memory is 00, e8, 10, 21
waitreq = 0
---FETCH---
Fetching instruction at bfc00018. Branch status is:0
---DECODE---
Read:0Write:0
Fetched instruction is 00e81021. Accessing registers  7,  8
waitreq = 0
waitreq = 0
---EXEC---
ALU operation 4
Reg  7 = 0000001e. Reg  8 = 00000028
---MEMORY---
AluOut:        70
regB data:        40
waitreq = 0
waitreq = 0
---WRITEBACK---
!! REG  2 is being written with data 00000046
---FETCH---
Fetching instruction at bfc0001c. Branch status is:0
waitreq = 0
addr is 3217031196
temp addr is 1052,       1053,       1054,       1055
memory is 00, 43, 10, 21
waitreq = 0
---DECODE---
Read:0Write:0
Fetched instruction is 00431021. Accessing registers  2,  3
---EXEC---
ALU operation 4
Reg  2 = 00000046. Reg  3 = 00000001
waitreq = 0
waitreq = 0
---MEMORY---
AluOut:        71
regB data:         1
---WRITEBACK---
waitreq = 0
waitreq = 1
---FETCH---
Fetching instruction at bfc00020. Branch status is:0
!! REG  2 is being written with data 00000047
addr is 3217031200
temp addr is 1056,       1057,       1058,       1059
memory is 00, 00, 00, 08
---FETCH---
Fetching instruction at bfc00020. Branch status is:0
waitreq = 0
waitreq = 0
---DECODE---
Read:0Write:0
Fetched instruction is 00000008. Accessing registers  0,  0
---EXEC---
ALU operation15
Reg  0 = 00000000. Reg  0 = 00000000
waitreq = 0
waitreq = 0
---MEMORY---
AluOut:        72
regB data:         0
---WRITEBACK---
waitreq = 0
waitreq = 0
addr is 3217031204
temp addr is 1060,       1061,       1062,       1063
memory is 00, 00, 00, 00
---FETCH---
Fetching instruction at bfc00024. Branch status is:2
---DECODE---
Read:0Write:0
Fetched instruction is 00000000. Accessing registers  0,  0
waitreq = 0
waitreq = 0
---EXEC---
ALU operation 8
Reg  0 = 00000000. Reg  0 = 00000000
---MEMORY---
AluOut:         0
regB data:         0
waitreq = 0
waitreq = 0
---WRITEBACK---
---FETCH---
Fetching instruction at 00000000. Branch status is:0
waitreq = 1
waitreq = 0
register_v0=00000047
active=0
test/mips_cpu_bus_tb.v:89: $finish called at 1740 (1s)
