Loading initial RAM contents
waitreq = x
waitreq = x
waitreq = x
waitreq = x
waitreq = 0
!!REGISTER RESET
waitreq = 0
waitreq = 1
---FETCH---
Fetching instruction at bfc00000. Branch status is:0
addr is 3217031168
temp addr is 1024,       1025,       1026,       1027
memory is 24, c6, 00, 32
---FETCH---
Fetching instruction at bfc00000. Branch status is:0
waitreq = 0
waitreq = 0
---DECODE---
Read:0Write:0
Fetched instruction is 24c60032. Accessing registers  6,  6
---EXEC---
ALU operation 4
Reg  6 = 00000000. Reg  6 = 00000000
waitreq = 0
waitreq = 0
---MEMORY---
AluOut:        50
regB data:         0
---WRITEBACK---
waitreq = 0
waitreq = 0
addr is 3217031172
temp addr is 1028,       1029,       1030,       1031
memory is 04, c1, 00, 05
---FETCH---
Fetching instruction at bfc00004. Branch status is:0
!! REG  6 is being written with data 00000032
---DECODE---
Read:0Write:0
Fetched instruction is 04c10005. Accessing registers  6,  1
waitreq = 0
waitreq = 0
---EXEC---
ALU operation 7
Reg  6 = 00000032. Reg  1 = 00000000
---MEMORY---
AluOut:        50
regB data:         0
waitreq = 0
waitreq = 0
---WRITEBACK---
---FETCH---
Fetching instruction at bfc00008. Branch status is:2
waitreq = 1
addr is 3217031176
temp addr is 1032,       1033,       1034,       1035
memory is 24, e7, 00, 01
waitreq = 0
---FETCH---
Fetching instruction at bfc00008. Branch status is:2
---DECODE---
Read:0Write:0
Fetched instruction is 24e70001. Accessing registers  7,  7
waitreq = 0
waitreq = 0
---EXEC---
ALU operation 4
Reg  7 = 00000000. Reg  7 = 00000000
---MEMORY---
AluOut:         1
regB data:         0
waitreq = 0
waitreq = 0
---WRITEBACK---
!! REG  7 is being written with data 00000001
---FETCH---
Fetching instruction at bfc0001c. Branch status is:0
waitreq = 0
addr is 3217031196
temp addr is 1052,       1053,       1054,       1055
memory is 24, e7, 00, 01
waitreq = 0
---DECODE---
Read:0Write:0
Fetched instruction is 24e70001. Accessing registers  7,  7
---EXEC---
ALU operation 4
Reg  7 = 00000001. Reg  7 = 00000001
waitreq = 0
waitreq = 0
---MEMORY---
AluOut:         2
regB data:         1
---WRITEBACK---
waitreq = 0
waitreq = 1
---FETCH---
Fetching instruction at bfc00020. Branch status is:0
!! REG  7 is being written with data 00000002
addr is 3217031200
temp addr is 1056,       1057,       1058,       1059
memory is 00, 47, 10, 21
---FETCH---
Fetching instruction at bfc00020. Branch status is:0
waitreq = 0
waitreq = 0
---DECODE---
Read:0Write:0
Fetched instruction is 00471021. Accessing registers  2,  7
---EXEC---
ALU operation 4
Reg  2 = 00000000. Reg  7 = 00000002
waitreq = 0
waitreq = 0
---MEMORY---
AluOut:         2
regB data:         2
---WRITEBACK---
waitreq = 0
waitreq = 0
addr is 3217031204
temp addr is 1060,       1061,       1062,       1063
memory is 00, 00, 00, 08
---FETCH---
Fetching instruction at bfc00024. Branch status is:0
!! REG  2 is being written with data 00000002
---DECODE---
Read:0Write:0
Fetched instruction is 00000008. Accessing registers  0,  0
waitreq = 0
waitreq = 0
---EXEC---
ALU operation15
Reg  0 = 00000000. Reg  0 = 00000000
---MEMORY---
AluOut:         4
regB data:         0
waitreq = 0
waitreq = 0
---WRITEBACK---
---FETCH---
Fetching instruction at bfc00028. Branch status is:2
waitreq = 1
addr is 3217031208
temp addr is 1064,       1065,       1066,       1067
memory is 00, 00, 00, 00
waitreq = 0
---FETCH---
Fetching instruction at bfc00028. Branch status is:2
---DECODE---
Read:0Write:0
Fetched instruction is 00000000. Accessing registers  0,  0
waitreq = 0
waitreq = 0
---EXEC---
ALU operation 8
Reg  0 = 00000000. Reg  0 = 00000000
---MEMORY---
AluOut:         0
regB data:         0
waitreq = 0
waitreq = 0
---WRITEBACK---
---FETCH---
Fetching instruction at 00000000. Branch status is:0
waitreq = 0
addr is          0
temp addr is    0,          1,          2,          3
memory is 00, 00, 00, 00
waitreq = 0
register_v0=00000002
active=0
test/mips_cpu_bus_tb.v:86: $finish called at 980 (1s)
