Loading initial RAM contents
waitreq = x
waitreq = x
waitreq = x
waitreq = x
waitreq = 0
!!REGISTER RESET
waitreq = 0
waitreq = 1
---FETCH---
Fetching instruction at bfc00000. Branch status is:0
addr is 3217031168
temp addr is 1024,       1025,       1026,       1027
memory is 24, e7, ff, f2
---FETCH---
Fetching instruction at bfc00000. Branch status is:0
waitreq = 0
waitreq = 0
---DECODE---
Read:0Write:0
Fetched instruction is 24e7fff2. Accessing registers  7,  7
---EXEC---
ALU operation 4
Reg  7 = 00000000. Reg  7 = 00000000
waitreq = 0
waitreq = 0
---MEMORY---
AluOut:4294967282
regB data:         0
---WRITEBACK---
waitreq = 0
waitreq = 0
addr is 3217031172
temp addr is 1028,       1029,       1030,       1031
memory is 04, e1, 00, 02
---FETCH---
Fetching instruction at bfc00004. Branch status is:0
!! REG  7 is being written with data fffffff2
---DECODE---
Read:0Write:0
Fetched instruction is 04e10002. Accessing registers  7,  1
waitreq = 0
waitreq = 0
---EXEC---
ALU operation 7
Reg  7 = fffffff2. Reg  1 = 00000000
---MEMORY---
AluOut:4294967282
regB data:         0
waitreq = 0
waitreq = 0
---WRITEBACK---
---FETCH---
Fetching instruction at bfc00008. Branch status is:0
waitreq = 1
addr is 3217031176
temp addr is 1032,       1033,       1034,       1035
memory is 24, e2, 00, 06
waitreq = 0
---FETCH---
Fetching instruction at bfc00008. Branch status is:0
---DECODE---
Read:0Write:0
Fetched instruction is 24e20006. Accessing registers  7,  2
waitreq = 0
waitreq = 0
---EXEC---
ALU operation 4
Reg  7 = fffffff2. Reg  2 = 00000000
---MEMORY---
AluOut:4294967288
regB data:         0
waitreq = 0
waitreq = 0
---WRITEBACK---
!! REG  2 is being written with data fffffff8
---FETCH---
Fetching instruction at bfc0000c. Branch status is:0
waitreq = 0
addr is 3217031180
temp addr is 1036,       1037,       1038,       1039
memory is 24, 42, 00, 04
waitreq = 0
---DECODE---
Read:0Write:0
Fetched instruction is 24420004. Accessing registers  2,  2
---EXEC---
ALU operation 4
Reg  2 = fffffff8. Reg  2 = fffffff8
waitreq = 0
waitreq = 0
---MEMORY---
AluOut:4294967292
regB data:4294967288
---WRITEBACK---
waitreq = 0
waitreq = 1
---FETCH---
Fetching instruction at bfc00010. Branch status is:0
!! REG  2 is being written with data fffffffc
addr is 3217031184
temp addr is 1040,       1041,       1042,       1043
memory is 00, 00, 00, 08
---FETCH---
Fetching instruction at bfc00010. Branch status is:0
waitreq = 0
waitreq = 0
---DECODE---
Read:0Write:0
Fetched instruction is 00000008. Accessing registers  0,  0
---EXEC---
ALU operation15
Reg  0 = 00000000. Reg  0 = 00000000
waitreq = 0
waitreq = 0
---MEMORY---
AluOut:         0
regB data:         0
---WRITEBACK---
waitreq = 0
waitreq = 0
addr is 3217031188
temp addr is 1044,       1045,       1046,       1047
memory is 00, 00, 00, 00
---FETCH---
Fetching instruction at bfc00014. Branch status is:2
---DECODE---
Read:0Write:0
Fetched instruction is 00000000. Accessing registers  0,  0
waitreq = 0
waitreq = 0
---EXEC---
ALU operation 8
Reg  0 = 00000000. Reg  0 = 00000000
---MEMORY---
AluOut:         0
regB data:         0
waitreq = 0
waitreq = 0
---WRITEBACK---
---FETCH---
Fetching instruction at 00000000. Branch status is:0
waitreq = 1
register_v0=fffffffc
active=0
test/mips_cpu_bus_tb.v:82: $finish called at 860 (1s)
waitreq = 0
