Loading initial RAM contents
waitreq = x
waitreq = x
waitreq = x
waitreq = x
waitreq = 0
!!REGISTER RESET
waitreq = 0
waitreq = 1
---FETCH---
Fetching instruction at bfc00000. Branch status is:0
addr is 3217031168
temp addr is 1024,       1025,       1026,       1027
memory is 24, e7, 00, 32
---FETCH---
Fetching instruction at bfc00000. Branch status is:0
waitreq = 0
waitreq = 0
---DECODE---
Read:0Write:0
Fetched instruction is 24e70032. Accessing registers  7,  7
---EXEC---
ALU operation 4
Reg  7 = 00000000. Reg  7 = 00000000
waitreq = 0
waitreq = 0
---MEMORY---
AluOut:        50
regB data:         0
---WRITEBACK---
waitreq = 0
waitreq = 0
addr is 3217031172
temp addr is 1028,       1029,       1030,       1031
memory is 1c, e0, ff, ff
---FETCH---
Fetching instruction at bfc00004. Branch status is:0
!! REG  7 is being written with data 00000032
---DECODE---
Read:0Write:0
Fetched instruction is 1ce0ffff. Accessing registers  7,  0
waitreq = 0
waitreq = 0
---EXEC---
ALU operation 7
Reg  7 = 00000032. Reg  0 = 00000000
---MEMORY---
AluOut:        50
regB data:         0
waitreq = 0
waitreq = 0
---WRITEBACK---
---FETCH---
Fetching instruction at bfc00008. Branch status is:2
waitreq = 1
addr is 3217031176
temp addr is 1032,       1033,       1034,       1035
memory is 24, e7, ff, e7
waitreq = 0
---FETCH---
Fetching instruction at bfc00008. Branch status is:2
---DECODE---
Read:0Write:0
Fetched instruction is 24e7ffe7. Accessing registers  7,  7
waitreq = 0
waitreq = 0
---EXEC---
ALU operation 4
Reg  7 = 00000032. Reg  7 = 00000032
---MEMORY---
AluOut:        25
regB data:        50
waitreq = 0
waitreq = 0
---WRITEBACK---
!! REG  7 is being written with data 00000019
---FETCH---
Fetching instruction at bfc00004. Branch status is:0
waitreq = 0
addr is 3217031172
temp addr is 1028,       1029,       1030,       1031
memory is 1c, e0, ff, ff
waitreq = 0
---DECODE---
Read:0Write:0
Fetched instruction is 1ce0ffff. Accessing registers  7,  0
---EXEC---
ALU operation 7
Reg  7 = 00000019. Reg  0 = 00000000
waitreq = 0
waitreq = 0
---MEMORY---
AluOut:        25
regB data:         0
---WRITEBACK---
waitreq = 0
waitreq = 1
---FETCH---
Fetching instruction at bfc00008. Branch status is:2
addr is 3217031176
temp addr is 1032,       1033,       1034,       1035
memory is 24, e7, ff, e7
---FETCH---
Fetching instruction at bfc00008. Branch status is:2
waitreq = 0
waitreq = 0
---DECODE---
Read:0Write:0
Fetched instruction is 24e7ffe7. Accessing registers  7,  7
---EXEC---
ALU operation 4
Reg  7 = 00000019. Reg  7 = 00000019
waitreq = 0
waitreq = 0
---MEMORY---
AluOut:         0
regB data:        25
---WRITEBACK---
waitreq = 0
waitreq = 0
addr is 3217031172
temp addr is 1028,       1029,       1030,       1031
memory is 1c, e0, ff, ff
---FETCH---
Fetching instruction at bfc00004. Branch status is:0
!! REG  7 is being written with data 00000000
---DECODE---
Read:0Write:0
Fetched instruction is 1ce0ffff. Accessing registers  7,  0
waitreq = 0
waitreq = 0
---EXEC---
ALU operation 7
Reg  7 = 00000000. Reg  0 = 00000000
---MEMORY---
AluOut:         0
regB data:         0
waitreq = 0
waitreq = 0
---WRITEBACK---
---FETCH---
Fetching instruction at bfc00008. Branch status is:0
waitreq = 1
addr is 3217031176
temp addr is 1032,       1033,       1034,       1035
memory is 24, e7, ff, e7
waitreq = 0
---FETCH---
Fetching instruction at bfc00008. Branch status is:0
---DECODE---
Read:0Write:0
Fetched instruction is 24e7ffe7. Accessing registers  7,  7
waitreq = 0
waitreq = 0
---EXEC---
ALU operation 4
Reg  7 = 00000000. Reg  7 = 00000000
---MEMORY---
AluOut:4294967271
regB data:         0
waitreq = 0
waitreq = 0
---WRITEBACK---
!! REG  7 is being written with data ffffffe7
---FETCH---
Fetching instruction at bfc0000c. Branch status is:0
waitreq = 0
addr is 3217031180
temp addr is 1036,       1037,       1038,       1039
memory is 24, e2, 00, 00
waitreq = 0
---DECODE---
Read:0Write:0
Fetched instruction is 24e20000. Accessing registers  7,  2
---EXEC---
ALU operation 4
Reg  7 = ffffffe7. Reg  2 = 00000000
waitreq = 0
waitreq = 0
---MEMORY---
AluOut:4294967271
regB data:         0
---WRITEBACK---
waitreq = 0
waitreq = 1
---FETCH---
Fetching instruction at bfc00010. Branch status is:0
!! REG  2 is being written with data ffffffe7
addr is 3217031184
temp addr is 1040,       1041,       1042,       1043
memory is 00, 00, 00, 08
---FETCH---
Fetching instruction at bfc00010. Branch status is:0
waitreq = 0
waitreq = 0
---DECODE---
Read:0Write:0
Fetched instruction is 00000008. Accessing registers  0,  0
---EXEC---
ALU operation15
Reg  0 = 00000000. Reg  0 = 00000000
waitreq = 0
waitreq = 0
---MEMORY---
AluOut:4294967271
regB data:         0
---WRITEBACK---
waitreq = 0
waitreq = 0
addr is 3217031188
temp addr is 1044,       1045,       1046,       1047
memory is 00, 00, 00, 00
---FETCH---
Fetching instruction at bfc00014. Branch status is:2
---DECODE---
Read:0Write:0
Fetched instruction is 00000000. Accessing registers  0,  0
waitreq = 0
waitreq = 0
---EXEC---
ALU operation 8
Reg  0 = 00000000. Reg  0 = 00000000
---MEMORY---
AluOut:         0
regB data:         0
waitreq = 0
waitreq = 0
---WRITEBACK---
---FETCH---
Fetching instruction at 00000000. Branch status is:0
waitreq = 1
register_v0=ffffffe7
active=0
test/mips_cpu_bus_tb.v:82: $finish called at 1300 (1s)
waitreq = 0
