Loading initial RAM contents
waitreq = x
waitreq = x
waitreq = x
waitreq = x
waitreq = 0
!!REGISTER RESET
waitreq = 0
waitreq = 1
---FETCH---
Fetching instruction at bfc00000. Branch status is:0
addr is 3217031168
temp addr is 1024,       1025,       1026,       1027
memory is 24, e7, ff, fa
---FETCH---
Fetching instruction at bfc00000. Branch status is:0
waitreq = 0
waitreq = 0
---DECODE---
Read:0Write:0
Fetched instruction is 24e7fffa. Accessing registers  7,  7
---EXEC---
ALU operation 4
Reg  7 = 00000000. Reg  7 = 00000000
waitreq = 0
waitreq = 0
---MEMORY---
AluOut:4294967290
regB data:         0
---WRITEBACK---
waitreq = 0
waitreq = 0
addr is 3217031172
temp addr is 1028,       1029,       1030,       1031
memory is 18, e0, 00, 02
---FETCH---
Fetching instruction at bfc00004. Branch status is:0
!! REG  7 is being written with data fffffffa
---DECODE---
Read:0Write:0
Fetched instruction is 18e00002. Accessing registers  7,  0
waitreq = 0
waitreq = 0
---EXEC---
ALU operation 7
Reg  7 = fffffffa. Reg  0 = 00000000
---MEMORY---
AluOut:4294967290
regB data:         0
waitreq = 0
waitreq = 0
---WRITEBACK---
---FETCH---
Fetching instruction at bfc00008. Branch status is:2
waitreq = 1
addr is 3217031176
temp addr is 1032,       1033,       1034,       1035
memory is 24, e2, 00, 03
waitreq = 0
---FETCH---
Fetching instruction at bfc00008. Branch status is:2
---DECODE---
Read:0Write:0
Fetched instruction is 24e20003. Accessing registers  7,  2
waitreq = 0
waitreq = 0
---EXEC---
ALU operation 4
Reg  7 = fffffffa. Reg  2 = 00000000
---MEMORY---
AluOut:4294967293
regB data:         0
waitreq = 0
waitreq = 0
---WRITEBACK---
!! REG  2 is being written with data fffffffd
---FETCH---
Fetching instruction at bfc00010. Branch status is:0
waitreq = 0
addr is 3217031184
temp addr is 1040,       1041,       1042,       1043
memory is 00, 00, 00, 08
waitreq = 0
---DECODE---
Read:0Write:0
Fetched instruction is 00000008. Accessing registers  0,  0
---EXEC---
ALU operation15
Reg  0 = 00000000. Reg  0 = 00000000
waitreq = 0
waitreq = 0
---MEMORY---
AluOut:4294967293
regB data:         0
---WRITEBACK---
waitreq = 0
waitreq = 1
---FETCH---
Fetching instruction at bfc00014. Branch status is:2
addr is 3217031188
temp addr is 1044,       1045,       1046,       1047
memory is 00, 00, 00, 00
---FETCH---
Fetching instruction at bfc00014. Branch status is:2
waitreq = 0
waitreq = 0
---DECODE---
Read:0Write:0
Fetched instruction is 00000000. Accessing registers  0,  0
---EXEC---
ALU operation 8
Reg  0 = 00000000. Reg  0 = 00000000
waitreq = 0
waitreq = 0
---MEMORY---
AluOut:         0
regB data:         0
---WRITEBACK---
waitreq = 0
waitreq = 0
addr is          0
temp addr is    0,          1,          2,          3
memory is 00, 00, 00, 00
---FETCH---
Fetching instruction at 00000000. Branch status is:0
register_v0=fffffffd
active=0
test/mips_cpu_bus_tb.v:86: $finish called at 760 (1s)
waitreq = 0
