Loading initial RAM contents
waitreq = 0
!!REGISTER RESET
waitreq = 0
waitreq = 1
---FETCH---
Fetching instruction at bfc00000. Branch status is:0
addr is 3217031168
temp addr is    x,          x,          x,          x
memory is xx, xx, xx, xx
---FETCH---
Fetching instruction at bfc00000. Branch status is:0
waitreq = 0
waitreq = 0
---DECODE---
Read:0Write:0
Fetched instruction is xxxxxxxx. Accessing registers  x,  x
---EXEC---
waitreq = 0
TB : CPU asserted read and write at the same time.
waitreq = 0
---MEMORY---
---WRITEBACK---
waitreq = 0
waitreq = 0
addr is 3217031172
temp addr is    0,          1,          2,          3
memory is fc, 03, 63, 24
---FETCH---
Fetching instruction at bfc00004. Branch status is:0
---DECODE---
Read:0Write:0
Fetched instruction is 246303fc. Accessing registers  0,  3
waitreq = 0
waitreq = 0
---EXEC---
---MEMORY---
waitreq = 0
waitreq = 0
---WRITEBACK---
!! REG  3 is being written with data 000003fc
---FETCH---
Fetching instruction at bfc00008. Branch status is:0
waitreq = 1
addr is 3217031176
temp addr is    4,          5,          6,          7
memory is 04, 04, b5, 26
waitreq = 0
---FETCH---
Fetching instruction at bfc00008. Branch status is:0
---DECODE---
Read:0Write:0
Fetched instruction is 26b50404. Accessing registers  0,  4
waitreq = 0
waitreq = 0
---EXEC---
---MEMORY---
waitreq = 0
waitreq = 0
---WRITEBACK---
!! REG 21 is being written with data 00000404
---FETCH---
Fetching instruction at bfc0000c. Branch status is:0
waitreq = 0
addr is 3217031180
temp addr is    8,          9,         10,         11
memory is 02, 00, 75, 14
waitreq = 0
---DECODE---
Read:0Write:0
Fetched instruction is 14750002. Accessing registers 16,  0
---EXEC---
waitreq = 0
waitreq = 0
---MEMORY---
---WRITEBACK---
waitreq = 0
waitreq = 1
---FETCH---
Fetching instruction at bfc00010. Branch status is:2
addr is 3217031184
temp addr is   12,         13,         14,         15
memory is 01, 00, 42, 24
---FETCH---
Fetching instruction at bfc00010. Branch status is:2
waitreq = 0
waitreq = 0
---DECODE---
Read:0Write:0
Fetched instruction is 24420001. Accessing registers  8,  0
---EXEC---
waitreq = 0
waitreq = 0
---MEMORY---
---WRITEBACK---
waitreq = 0
waitreq = 0
addr is 3217031192
temp addr is   16,         17,         18,         19
memory is 02, 00, 42, 24
---FETCH---
Fetching instruction at bfc00018. Branch status is:0
!! REG  2 is being written with data 00000404
---DECODE---
Read:0Write:0
Fetched instruction is 24420002. Accessing registers 16,  0
waitreq = 0
waitreq = 0
---EXEC---
---MEMORY---
waitreq = 0
waitreq = 0
---WRITEBACK---
!! REG  2 is being written with data 00000002
---FETCH---
Fetching instruction at bfc0001c. Branch status is:0
waitreq = 1
addr is 3217031196
temp addr is   24,         25,         26,         27
memory is 08, 00, 00, 00
waitreq = 0
---FETCH---
Fetching instruction at bfc0001c. Branch status is:0
---DECODE---
Read:0Write:0
Fetched instruction is 00000008. Accessing registers  0,  0
waitreq = 0
waitreq = 0
---EXEC---
---MEMORY---
waitreq = 0
waitreq = 0
---WRITEBACK---
---FETCH---
Fetching instruction at bfc00020. Branch status is:2
waitreq = 0
addr is 3217031200
temp addr is   28,         29,         30,         31
memory is 00, 00, 00, 00
waitreq = 0
---DECODE---
Read:0Write:0
Fetched instruction is 00000000. Accessing registers  0,  0
---EXEC---
waitreq = 0
waitreq = 0
---MEMORY---
---WRITEBACK---
waitreq = 0
waitreq = 1
---FETCH---
Fetching instruction at 00000000. Branch status is:0
waitreq = 0
register_v0=00000002
active=0
test/mips_cpu_bus_tb.v:78: $finish called at 955 (1s)
