Loading initial RAM contents
waitreq = x
waitreq = x
waitreq = x
waitreq = x
waitreq = 0
!!REGISTER RESET
waitreq = 0
waitreq = 1
---FETCH---
Fetching instruction at bfc00000. Branch status is:0
addr is 3217031168
temp addr is 1024,       1025,       1026,       1027
memory is 24, 63, fc, 04
---FETCH---
Fetching instruction at bfc00000. Branch status is:0
waitreq = 0
waitreq = 0
---DECODE---
Read:0Write:0
Fetched instruction is 2463fc04. Accessing registers  3,  3
---EXEC---
ALU operation 4
Reg  3 = 00000000. Reg  3 = 00000000
waitreq = 0
waitreq = 0
---MEMORY---
AluOut:4294966276
regB data:         0
---WRITEBACK---
waitreq = 0
waitreq = 0
addr is 3217031172
temp addr is 1028,       1029,       1030,       1031
memory is 26, b5, fb, fc
---FETCH---
Fetching instruction at bfc00004. Branch status is:0
!! REG  3 is being written with data fffffc04
---DECODE---
Read:0Write:0
Fetched instruction is 26b5fbfc. Accessing registers 21, 21
waitreq = 0
waitreq = 0
---EXEC---
ALU operation 4
Reg 21 = 00000000. Reg 21 = 00000000
---MEMORY---
AluOut:4294966268
regB data:         0
waitreq = 0
waitreq = 0
---WRITEBACK---
!! REG 21 is being written with data fffffbfc
---FETCH---
Fetching instruction at bfc00008. Branch status is:0
waitreq = 1
addr is 3217031176
temp addr is 1032,       1033,       1034,       1035
memory is 14, 75, 00, 03
waitreq = 0
---FETCH---
Fetching instruction at bfc00008. Branch status is:0
---DECODE---
Read:0Write:0
Fetched instruction is 14750003. Accessing registers  3, 21
waitreq = 0
waitreq = 0
---EXEC---
ALU operation 5
Reg  3 = fffffc04. Reg 21 = fffffbfc
---MEMORY---
AluOut:         8
regB data:4294966268
waitreq = 0
waitreq = 0
---WRITEBACK---
---FETCH---
Fetching instruction at bfc0000c. Branch status is:2
waitreq = 0
addr is 3217031180
temp addr is 1036,       1037,       1038,       1039
memory is 24, 42, 00, 00
waitreq = 0
---DECODE---
Read:0Write:0
Fetched instruction is 24420000. Accessing registers  2,  2
---EXEC---
ALU operation 4
Reg  2 = 00000000. Reg  2 = 00000000
waitreq = 0
waitreq = 0
---MEMORY---
AluOut:         0
regB data:         0
---WRITEBACK---
waitreq = 0
waitreq = 1
---FETCH---
Fetching instruction at bfc00018. Branch status is:0
!! REG  2 is being written with data 00000000
addr is 3217031192
temp addr is 1048,       1049,       1050,       1051
memory is 24, 42, 00, 01
---FETCH---
Fetching instruction at bfc00018. Branch status is:0
waitreq = 0
waitreq = 0
---DECODE---
Read:0Write:0
Fetched instruction is 24420001. Accessing registers  2,  2
---EXEC---
ALU operation 4
Reg  2 = 00000000. Reg  2 = 00000000
waitreq = 0
waitreq = 0
---MEMORY---
AluOut:         1
regB data:         0
---WRITEBACK---
waitreq = 0
waitreq = 0
addr is 3217031196
temp addr is 1052,       1053,       1054,       1055
memory is 00, 00, 00, 08
---FETCH---
Fetching instruction at bfc0001c. Branch status is:0
!! REG  2 is being written with data 00000001
---DECODE---
Read:0Write:0
Fetched instruction is 00000008. Accessing registers  0,  0
waitreq = 0
waitreq = 0
---EXEC---
ALU operation15
Reg  0 = 00000000. Reg  0 = 00000000
---MEMORY---
AluOut:         2
regB data:         0
waitreq = 0
waitreq = 0
---WRITEBACK---
---FETCH---
Fetching instruction at bfc00020. Branch status is:2
waitreq = 1
addr is 3217031200
temp addr is 1056,       1057,       1058,       1059
memory is 00, 00, 00, 00
waitreq = 0
---FETCH---
Fetching instruction at bfc00020. Branch status is:2
---DECODE---
Read:0Write:0
Fetched instruction is 00000000. Accessing registers  0,  0
waitreq = 0
waitreq = 0
---EXEC---
ALU operation 8
Reg  0 = 00000000. Reg  0 = 00000000
---MEMORY---
AluOut:         0
regB data:         0
waitreq = 0
waitreq = 0
---WRITEBACK---
---FETCH---
Fetching instruction at 00000000. Branch status is:0
waitreq = 0
addr is          0
temp addr is    0,          1,          2,          3
memory is 00, 00, 00, 00
waitreq = 0
register_v0=00000001
active=0
test/mips_cpu_bus_tb.v:86: $finish called at 980 (1s)
