Loading initial RAM contents
waitreq = 0
!!REGISTER RESET
waitreq = 0
waitreq = 1
---FETCH---
Fetching instruction at bfc00000. Branch status is:0
addr is 3217031168
temp addr is    x,          x,          x,          x
memory is xx, xx, xx, xx
---FETCH---
Fetching instruction at bfc00000. Branch status is:0
waitreq = 0
waitreq = 0
---DECODE---
Read:0Write:0
Fetched instruction is xxxxxxxx. Accessing registers  x,  x
---EXEC---
waitreq = 0
TB : CPU asserted read and write at the same time.
waitreq = 0
---MEMORY---
---WRITEBACK---
waitreq = 0
waitreq = 0
addr is 3217031172
temp addr is    0,          1,          2,          3
memory is 0a, 00, a5, 24
---FETCH---
Fetching instruction at bfc00004. Branch status is:0
---DECODE---
Read:0Write:0
Fetched instruction is 24a5000a. Accessing registers 16,  0
waitreq = 0
waitreq = 0
---EXEC---
---MEMORY---
waitreq = 0
waitreq = 0
---WRITEBACK---
!! REG  5 is being written with data 0000000a
---FETCH---
Fetching instruction at bfc00008. Branch status is:0
waitreq = 1
addr is 3217031176
temp addr is    4,          5,          6,          7
memory is 05, 00, c6, 24
waitreq = 0
---FETCH---
Fetching instruction at bfc00008. Branch status is:0
---DECODE---
Read:0Write:0
Fetched instruction is 24c60005. Accessing registers  8,  0
waitreq = 0
waitreq = 0
---EXEC---
---MEMORY---
waitreq = 0
waitreq = 0
---WRITEBACK---
!! REG  6 is being written with data 00000005
---FETCH---
Fetching instruction at bfc0000c. Branch status is:0
waitreq = 0
addr is 3217031180
temp addr is    8,          9,         10,         11
memory is 1b, 00, a6, 00
waitreq = 0
---DECODE---
Read:0Write:0
Fetched instruction is 00a6001b. Accessing registers 24,  0
---EXEC---
waitreq = 0
waitreq = 0
---MEMORY---
---MEMORY---
waitreq = 0
waitreq = 0
---MEMORY---
---MEMORY---
waitreq = 0
waitreq = 0
---MEMORY---
---MEMORY---
waitreq = 0
waitreq = 0
---MEMORY---
---MEMORY---
waitreq = 0
waitreq = 0
---MEMORY---
---MEMORY---
waitreq = 0
waitreq = 0
---MEMORY---
---MEMORY---
waitreq = 0
waitreq = 0
---MEMORY---
---MEMORY---
waitreq = 0
waitreq = 0
---MEMORY---
---MEMORY---
waitreq = 0
waitreq = 0
---MEMORY---
---MEMORY---
waitreq = 0
waitreq = 0
---MEMORY---
---MEMORY---
waitreq = 0
waitreq = 0
---MEMORY---
---MEMORY---
waitreq = 0
waitreq = 0
---MEMORY---
---MEMORY---
waitreq = 0
waitreq = 0
---MEMORY---
---MEMORY---
waitreq = 0
waitreq = 0
---MEMORY---
---MEMORY---
waitreq = 0
waitreq = 0
---MEMORY---
---MEMORY---
waitreq = 0
waitreq = 0
---MEMORY---
---MEMORY---
waitreq = 0
waitreq = 0
---MEMORY---
---WRITEBACK---
waitreq = 0
waitreq = 1
---FETCH---
Fetching instruction at bfc00010. Branch status is:0
addr is 3217031184
temp addr is   12,         13,         14,         15
memory is 07, 00, 42, 24
---FETCH---
Fetching instruction at bfc00010. Branch status is:0
waitreq = 0
waitreq = 0
---DECODE---
Read:0Write:0
Fetched instruction is 24420007. Accessing registers 24,  0
---EXEC---
waitreq = 0
waitreq = 0
---MEMORY---
---WRITEBACK---
waitreq = 0
waitreq = 0
addr is 3217031188
temp addr is   16,         17,         18,         19
memory is 08, 00, 00, 00
---FETCH---
Fetching instruction at bfc00014. Branch status is:0
!! REG  2 is being written with data 00000007
---DECODE---
Read:0Write:0
Fetched instruction is 00000008. Accessing registers  0,  0
waitreq = 0
waitreq = 0
---EXEC---
---MEMORY---
waitreq = 0
waitreq = 0
---WRITEBACK---
---FETCH---
Fetching instruction at bfc00018. Branch status is:2
waitreq = 1
addr is 3217031192
temp addr is   20,         21,         22,         23
memory is 00, 00, 00, 00
waitreq = 0
---FETCH---
Fetching instruction at bfc00018. Branch status is:2
---DECODE---
Read:0Write:0
Fetched instruction is 00000000. Accessing registers  0,  0
waitreq = 0
waitreq = 0
---EXEC---
---MEMORY---
waitreq = 0
waitreq = 0
---WRITEBACK---
---FETCH---
Fetching instruction at 00000000. Branch status is:0
waitreq = 0
addr is          0
temp addr is   24,         25,         26,         27
memory is 00, 00, 00, 00
register_v0=00000007
active=0
test/mips_cpu_bus_tb.v:78: $finish called at 1495 (1s)
waitreq = 0
