Loading initial RAM contents
waitreq = 0
!!REGISTER RESET
waitreq = 0
waitreq = 1
---FETCH---
Fetching instruction at bfc00000. Branch status is:0
addr is 3217031168
temp addr is    x,          x,          x,          x
memory is xx, xx, xx, xx
---FETCH---
Fetching instruction at bfc00000. Branch status is:0
waitreq = 0
waitreq = 0
---DECODE---
Read:0Write:0
Fetched instruction is xxxxxxxx. Accessing registers  x,  x
---EXEC---
waitreq = 0
TB : CPU asserted read and write at the same time.
waitreq = 0
---MEMORY---
---WRITEBACK---
waitreq = 0
waitreq = 0
addr is 3217031172
temp addr is    0,          1,          2,          3
memory is 03, 00, f0, 0f
---FETCH---
Fetching instruction at bfc00004. Branch status is:0
---DECODE---
Read:0Write:0
Fetched instruction is 0ff00003. Accessing registers 24,  0
waitreq = 0
waitreq = 0
---EXEC---
---MEMORY---
waitreq = 0
waitreq = 0
---WRITEBACK---
!! REG 31 is being written with data bfc0000c
---FETCH---
Fetching instruction at bfc00008. Branch status is:2
waitreq = 1
addr is 3217031176
temp addr is    4,          5,          6,          7
memory is 01, 00, 42, 24
waitreq = 0
---FETCH---
Fetching instruction at bfc00008. Branch status is:2
---DECODE---
Read:0Write:0
Fetched instruction is 24420001. Accessing registers  8,  0
waitreq = 0
waitreq = 0
---EXEC---
---MEMORY---
waitreq = 0
waitreq = 0
---WRITEBACK---
!! REG  2 is being written with data 00000000
---FETCH---
Fetching instruction at bfc0000c. Branch status is:0
waitreq = 0
addr is 3217031180
temp addr is    8,          9,         10,         11
memory is fb, ff, 42, 24
waitreq = 0
---DECODE---
Read:0Write:0
Fetched instruction is 2442fffb. Accessing registers 31, 31
---EXEC---
waitreq = 0
waitreq = 0
---MEMORY---
---WRITEBACK---
waitreq = 0
waitreq = 1
---FETCH---
Fetching instruction at bfc00010. Branch status is:0
!! REG  2 is being written with data fffffffb
addr is 3217031184
temp addr is   12,         13,         14,         15
memory is 08, 00, 40, 00
---FETCH---
Fetching instruction at bfc00010. Branch status is:0
waitreq = 0
waitreq = 0
---DECODE---
Read:0Write:0
Fetched instruction is 00400008. Accessing registers  0,  0
---EXEC---
waitreq = 0
waitreq = 0
---MEMORY---
---WRITEBACK---
waitreq = 0
waitreq = 0
addr is 3217031188
temp addr is   16,         17,         18,         19
memory is 03, 00, 42, 24
---FETCH---
Fetching instruction at bfc00014. Branch status is:2
---DECODE---
Read:0Write:0
Fetched instruction is 24420003. Accessing registers 24,  0
waitreq = 0
waitreq = 0
---EXEC---
---MEMORY---
waitreq = 0
waitreq = 0
---WRITEBACK---
!! REG  2 is being written with data 00000003
---FETCH---
Fetching instruction at fffffff8. Branch status is:0
waitreq = 1
addr is 4294967288
temp addr is   20,         21,         22,         23
memory is 08, 00, 00, 00
waitreq = 0
---FETCH---
Fetching instruction at fffffff8. Branch status is:0
---DECODE---
Read:0Write:0
Fetched instruction is 00000008. Accessing registers  0,  0
waitreq = 0
waitreq = 0
---EXEC---
---MEMORY---
waitreq = 0
waitreq = 0
---WRITEBACK---
---FETCH---
Fetching instruction at fffffffc. Branch status is:2
waitreq = 0
addr is 4294967292
temp addr is 2040,       2041,       2042,       2043
memory is 00, 00, 00, 00
waitreq = 0
---DECODE---
Read:0Write:0
Fetched instruction is 00000000. Accessing registers  0,  0
---EXEC---
waitreq = 0
waitreq = 0
---MEMORY---
---WRITEBACK---
waitreq = 0
waitreq = 1
---FETCH---
Fetching instruction at 00000000. Branch status is:0
waitreq = 0
register_v0=00000003
active=0
test/mips_cpu_bus_tb.v:78: $finish called at 955 (1s)
