Loading initial RAM contents
waitreq = x
waitreq = x
waitreq = x
waitreq = x
waitreq = 0
!!REGISTER RESET
waitreq = 0
waitreq = 1
---FETCH---
Fetching instruction at bfc00000. Branch status is:0
addr is 3217031168
temp addr is 1024,       1025,       1026,       1027
memory is 06, 00, f0, 0f
---FETCH---
Fetching instruction at bfc00000. Branch status is:0
waitreq = 0
waitreq = 0
---DECODE---
Read:0Write:0
Fetched instruction is 0ff00006. Accessing registers 31, 16
---EXEC---
ALU operation15
Reg 31 = 00000000. Reg 16 = 00000000
waitreq = 0
waitreq = 0
---MEMORY---
AluOut:         0
regB data:         0
---WRITEBACK---
waitreq = 0
waitreq = 0
addr is 3217031172
temp addr is 1028,       1029,       1030,       1031
memory is 01, 00, 42, 24
---FETCH---
Fetching instruction at bfc00004. Branch status is:2
!! REG 31 is being written with data bfc00008
---DECODE---
Read:0Write:0
Fetched instruction is 24420001. Accessing registers  2,  2
waitreq = 0
waitreq = 0
---EXEC---
ALU operation 4
Reg  2 = 00000000. Reg  2 = 00000000
---MEMORY---
AluOut:         1
regB data:         0
waitreq = 0
waitreq = 0
---WRITEBACK---
!! REG  2 is being written with data 00000001
---FETCH---
Fetching instruction at bfc00018. Branch status is:0
waitreq = 1
addr is 3217031192
temp addr is 1048,       1049,       1050,       1051
memory is 03, 00, 42, 24
waitreq = 0
---FETCH---
Fetching instruction at bfc00018. Branch status is:0
---DECODE---
Read:0Write:0
Fetched instruction is 24420003. Accessing registers  2,  2
waitreq = 0
waitreq = 0
---EXEC---
ALU operation 4
Reg  2 = 00000001. Reg  2 = 00000001
---MEMORY---
AluOut:         4
regB data:         1
waitreq = 0
waitreq = 0
---WRITEBACK---
!! REG  2 is being written with data 00000004
---FETCH---
Fetching instruction at bfc0001c. Branch status is:0
waitreq = 0
addr is 3217031196
temp addr is 1052,       1053,       1054,       1055
memory is 08, 00, e0, 03
waitreq = 0
---DECODE---
Read:0Write:0
Fetched instruction is 03e00008. Accessing registers 31,  0
---EXEC---
ALU operation15
Reg 31 = bfc00008. Reg  0 = 00000000
waitreq = 0
waitreq = 0
---MEMORY---
AluOut:         7
regB data:         0
---WRITEBACK---
waitreq = 0
waitreq = 1
---FETCH---
Fetching instruction at bfc00020. Branch status is:2
addr is 3217031200
temp addr is 1056,       1057,       1058,       1059
memory is 01, 00, 42, 24
---FETCH---
Fetching instruction at bfc00020. Branch status is:2
waitreq = 0
waitreq = 0
---DECODE---
Read:0Write:0
Fetched instruction is 24420001. Accessing registers  2,  2
---EXEC---
ALU operation 4
Reg  2 = 00000004. Reg  2 = 00000004
waitreq = 0
waitreq = 0
---MEMORY---
AluOut:         5
regB data:         4
---WRITEBACK---
waitreq = 0
waitreq = 0
addr is 3217031176
temp addr is 1032,       1033,       1034,       1035
memory is 01, 00, 42, 24
---FETCH---
Fetching instruction at bfc00008. Branch status is:0
!! REG  2 is being written with data 00000005
---DECODE---
Read:0Write:0
Fetched instruction is 24420001. Accessing registers  2,  2
waitreq = 0
waitreq = 0
---EXEC---
ALU operation 4
Reg  2 = 00000005. Reg  2 = 00000005
---MEMORY---
AluOut:         6
regB data:         5
waitreq = 0
waitreq = 0
---WRITEBACK---
!! REG  2 is being written with data 00000006
---FETCH---
Fetching instruction at bfc0000c. Branch status is:0
waitreq = 1
addr is 3217031180
temp addr is 1036,       1037,       1038,       1039
memory is 08, 00, 20, 00
waitreq = 0
---FETCH---
Fetching instruction at bfc0000c. Branch status is:0
---DECODE---
Read:0Write:0
Fetched instruction is 00200008. Accessing registers  1,  0
waitreq = 0
waitreq = 0
---EXEC---
ALU operation15
Reg  1 = 00000000. Reg  0 = 00000000
---MEMORY---
AluOut:         7
regB data:         0
waitreq = 0
waitreq = 0
---WRITEBACK---
---FETCH---
Fetching instruction at bfc00010. Branch status is:2
waitreq = 0
addr is 3217031184
temp addr is 1040,       1041,       1042,       1043
memory is 02, 00, 42, 24
waitreq = 0
---DECODE---
Read:0Write:0
Fetched instruction is 24420002. Accessing registers  2,  2
---EXEC---
ALU operation 4
Reg  2 = 00000006. Reg  2 = 00000006
waitreq = 0
waitreq = 0
---MEMORY---
AluOut:         8
regB data:         6
---WRITEBACK---
waitreq = 0
waitreq = 1
---FETCH---
Fetching instruction at 00000000. Branch status is:0
!! REG  2 is being written with data 00000008
waitreq = 0
register_v0=00000008
active=0
test/mips_cpu_bus_tb.v:82: $finish called at 1080 (1s)
