Loading initial RAM contents
waitreq = x
waitreq = x
waitreq = x
waitreq = x
waitreq = 0
!!REGISTER RESET
waitreq = 0
waitreq = 1
---FETCH---
Fetching instruction at bfc00000. Branch status is:0
addr is 3217031168
temp addr is 1024,       1025,       1026,       1027
memory is 80, a2, 00, 08
---FETCH---
Fetching instruction at bfc00000. Branch status is:0
waitreq = 0
waitreq = 0
---DECODE---
Read:0Write:0
Fetched instruction is 80a20008. Accessing registers  5,  2
---EXEC---
ALU operation 4
Reg  5 = 00000000. Reg  2 = 00000000
waitreq = 0
waitreq = 0
addr is          8
temp addr is    8,          9,         10,         11
memory is 00, 00, 00, 00
---MEMORY---
AluOut:         8
regB data:         0
---WRITEBACK---
waitreq = 0
waitreq = 0
addr is 3217031172
temp addr is 1028,       1029,       1030,       1031
memory is 24, 42, 00, 07
---FETCH---
Fetching instruction at bfc00004. Branch status is:0
!! REG  2 is being written with data 00000000
---DECODE---
Read:0Write:0
Fetched instruction is 24420007. Accessing registers  2,  2
waitreq = 1
waitreq = 0
---EXEC---
ALU operation 4
Reg  2 = 00000000. Reg  2 = 00000000
---MEMORY---
AluOut:         7
regB data:         0
waitreq = 0
waitreq = 0
---WRITEBACK---
!! REG  2 is being written with data 00000007
---FETCH---
Fetching instruction at bfc00008. Branch status is:0
waitreq = 0
addr is 3217031176
temp addr is 1032,       1033,       1034,       1035
memory is 00, 00, 00, 08
waitreq = 0
---DECODE---
Read:0Write:0
Fetched instruction is 00000008. Accessing registers  0,  0
---EXEC---
ALU operation15
Reg  0 = 00000000. Reg  0 = 00000000
waitreq = 0
waitreq = 0
---MEMORY---
AluOut:        14
regB data:         0
---WRITEBACK---
waitreq = 0
waitreq = 0
addr is 3217031180
temp addr is 1036,       1037,       1038,       1039
memory is 00, 00, 00, 00
---FETCH---
Fetching instruction at bfc0000c. Branch status is:2
---DECODE---
Read:0Write:0
Fetched instruction is 00000000. Accessing registers  0,  0
waitreq = 1
waitreq = 0
---EXEC---
ALU operation 8
Reg  0 = 00000000. Reg  0 = 00000000
---MEMORY---
AluOut:         0
regB data:         0
waitreq = 0
waitreq = 0
---WRITEBACK---
---FETCH---
Fetching instruction at 00000000. Branch status is:0
waitreq = 0
addr is          0
temp addr is    0,          1,          2,          3
memory is 00, 00, 00, 00
register_v0=00000007
active=0
test/mips_cpu_bus_tb.v:82: $finish called at 620 (1s)
waitreq = 0
