Loading initial RAM contents
waitreq = x
waitreq = x
waitreq = x
waitreq = x
waitreq = 0
!!REGISTER RESET
waitreq = 0
waitreq = 1
---FETCH---
Fetching instruction at bfc00000. Branch status is:0
addr is 3217031168
temp addr is 1024,       1025,       1026,       1027
memory is 26, 10, 00, 14
---FETCH---
Fetching instruction at bfc00000. Branch status is:0
waitreq = 0
waitreq = 0
---DECODE---
Read:0Write:0
Fetched instruction is 26100014. Accessing registers 16, 16
---EXEC---
ALU operation 4
Reg 16 = 00000000. Reg 16 = 00000000
waitreq = 0
waitreq = 0
---MEMORY---
AluOut:        20
regB data:         0
---WRITEBACK---
waitreq = 0
waitreq = 0
addr is 3217031172
temp addr is 1028,       1029,       1030,       1031
memory is 96, 02, 00, 00
---FETCH---
Fetching instruction at bfc00004. Branch status is:0
!! REG 16 is being written with data 00000014
---DECODE---
Read:0Write:0
Fetched instruction is 96020000. Accessing registers 16,  2
waitreq = 0
waitreq = 0
---EXEC---
ALU operation 4
Reg 16 = 00000014. Reg  2 = 00000000
---MEMORY---
AluOut:        20
regB data:         0
waitreq = 1
addr is         20
temp addr is   20,         21,         22,         23
memory is d1, cd, 95, 49
waitreq = 0
---MEMORY---
AluOut:        20
regB data:         0
---WRITEBACK---
waitreq = 0
waitreq = 0
addr is 3217031176
temp addr is 1032,       1033,       1034,       1035
memory is 00, 00, 00, 08
---FETCH---
Fetching instruction at bfc00008. Branch status is:0
!! REG  2 is being written with data 0000d1cd
---DECODE---
Read:0Write:0
Fetched instruction is 00000008. Accessing registers  0,  0
waitreq = 0
waitreq = 0
---EXEC---
ALU operation15
Reg  0 = 00000000. Reg  0 = 00000000
---MEMORY---
AluOut:        20
regB data:         0
waitreq = 0
waitreq = 0
---WRITEBACK---
---FETCH---
Fetching instruction at bfc0000c. Branch status is:2
waitreq = 0
addr is 3217031180
temp addr is 1036,       1037,       1038,       1039
memory is 00, 00, 00, 00
waitreq = 1
---DECODE---
Read:0Write:0
Fetched instruction is 00000000. Accessing registers  0,  0
---EXEC---
ALU operation 8
Reg  0 = 00000000. Reg  0 = 00000000
waitreq = 0
waitreq = 0
---MEMORY---
AluOut:         0
regB data:         0
---WRITEBACK---
waitreq = 0
waitreq = 0
addr is          0
temp addr is    0,          1,          2,          3
memory is 00, 00, 00, 00
---FETCH---
Fetching instruction at 00000000. Branch status is:0
register_v0=0000d1cd
active=0
test/mips_cpu_bus_tb.v:89: $finish called at 640 (1s)
waitreq = 0
