Loading initial RAM contents
waitreq = x
waitreq = x
waitreq = x
waitreq = x
waitreq = 0
!!REGISTER RESET
waitreq = 0
waitreq = 1
---FETCH---
Fetching instruction at bfc00000. Branch status is:0
addr is 3217031168
temp addr is 1024,       1025,       1026,       1027
memory is 24, c6, 61, a8
---FETCH---
Fetching instruction at bfc00000. Branch status is:0
waitreq = 0
waitreq = 0
---DECODE---
Read:0Write:0
Fetched instruction is 24c661a8. Accessing registers  6,  6
---EXEC---
ALU operation 4
Reg  6 = 00000000. Reg  6 = 00000000
waitreq = 0
waitreq = 0
---MEMORY---
AluOut:     25000
regB data:         0
---WRITEBACK---
waitreq = 0
waitreq = 0
addr is 3217031172
temp addr is 1028,       1029,       1030,       1031
memory is 24, e7, 2e, e0
---FETCH---
Fetching instruction at bfc00004. Branch status is:0
!! REG  6 is being written with data 000061a8
---DECODE---
Read:0Write:0
Fetched instruction is 24e72ee0. Accessing registers  7,  7
waitreq = 0
waitreq = 0
---EXEC---
ALU operation 4
Reg  7 = 00000000. Reg  7 = 00000000
---MEMORY---
AluOut:     12000
regB data:         0
waitreq = 0
waitreq = 0
---WRITEBACK---
!! REG  7 is being written with data 00002ee0
---FETCH---
Fetching instruction at bfc00008. Branch status is:0
waitreq = 1
addr is 3217031176
temp addr is 1032,       1033,       1034,       1035
memory is 00, 06, 31, 80
waitreq = 0
---FETCH---
Fetching instruction at bfc00008. Branch status is:0
---DECODE---
Read:0Write:0
Fetched instruction is 00063180. Accessing registers  0,  6
waitreq = 0
waitreq = 0
---EXEC---
ALU operation 8
Reg  0 = 00000000. Reg  6 = 000061a8
---MEMORY---
AluOut:   1600000
regB data:     25000
waitreq = 0
waitreq = 0
---WRITEBACK---
!! REG  6 is being written with data 00186a00
---FETCH---
Fetching instruction at bfc0000c. Branch status is:0
waitreq = 0
addr is 3217031180
temp addr is 1036,       1037,       1038,       1039
memory is 00, 07, 39, 80
waitreq = 0
---DECODE---
Read:0Write:0
Fetched instruction is 00073980. Accessing registers  0,  7
---EXEC---
ALU operation 8
Reg  0 = 00000000. Reg  7 = 00002ee0
waitreq = 0
waitreq = 0
---MEMORY---
AluOut:    768000
regB data:     12000
---WRITEBACK---
waitreq = 0
waitreq = 1
---FETCH---
Fetching instruction at bfc00010. Branch status is:0
!! REG  7 is being written with data 000bb800
addr is 3217031184
temp addr is 1040,       1041,       1042,       1043
memory is 00, c7, 00, 18
---FETCH---
Fetching instruction at bfc00010. Branch status is:0
waitreq = 0
waitreq = 0
---DECODE---
Read:0Write:0
Fetched instruction is 00c70018. Accessing registers  6,  7
---EXEC---
ALU operation15
Reg  6 = 00186a00. Reg  7 = 000bb800
waitreq = 0
waitreq = 0
---MEMORY---
AluOut:  49152000
regB data:    768000
---WRITEBACK---
waitreq = 0
waitreq = 0
addr is 3217031188
temp addr is 1044,       1045,       1046,       1047
memory is 00, 00, 10, 10
---FETCH---
Fetching instruction at bfc00014. Branch status is:0
---DECODE---
Read:0Write:0
Fetched instruction is 00001010. Accessing registers  0,  0
waitreq = 0
waitreq = 0
---EXEC---
ALU operation 4
Reg  0 = 00000000. Reg  0 = 00000000
---MEMORY---
AluOut:         0
regB data:         0
waitreq = 0
waitreq = 0
---WRITEBACK---
!! REG  2 is being written with data 0000011e
---FETCH---
Fetching instruction at bfc00018. Branch status is:0
waitreq = 1
addr is 3217031192
temp addr is 1048,       1049,       1050,       1051
memory is 00, 00, 00, 08
waitreq = 0
---FETCH---
Fetching instruction at bfc00018. Branch status is:0
---DECODE---
Read:0Write:0
Fetched instruction is 00000008. Accessing registers  0,  0
waitreq = 0
waitreq = 0
---EXEC---
ALU operation15
Reg  0 = 00000000. Reg  0 = 00000000
---MEMORY---
AluOut:         0
regB data:         0
waitreq = 0
waitreq = 0
---WRITEBACK---
---FETCH---
Fetching instruction at bfc0001c. Branch status is:2
waitreq = 0
addr is 3217031196
temp addr is 1052,       1053,       1054,       1055
memory is 00, 00, 00, 00
waitreq = 0
---DECODE---
Read:0Write:0
Fetched instruction is 00000000. Accessing registers  0,  0
---EXEC---
ALU operation 8
Reg  0 = 00000000. Reg  0 = 00000000
waitreq = 0
waitreq = 0
---MEMORY---
AluOut:         0
regB data:         0
---WRITEBACK---
waitreq = 0
waitreq = 1
---FETCH---
Fetching instruction at 00000000. Branch status is:0
waitreq = 0
register_v0=0000011e
active=0
test/mips_cpu_bus_tb.v:82: $finish called at 1080 (1s)
