Loading initial RAM contents
waitreq = x
waitreq = x
waitreq = x
waitreq = x
waitreq = 0
!!REGISTER RESET
waitreq = 0
waitreq = 1
---FETCH---
Fetching instruction at bfc00000. Branch status is:0
addr is 3217031168
temp addr is 1024,       1025,       1026,       1027
memory is 02, 00, 84, 24
---FETCH---
Fetching instruction at bfc00000. Branch status is:0
waitreq = 0
waitreq = 0
---DECODE---
Read:0Write:0
Fetched instruction is 24840002. Accessing registers  4,  4
---EXEC---
ALU operation 4
Reg  4 = 00000000. Reg  4 = 00000000
waitreq = 0
waitreq = 0
---MEMORY---
AluOut:         2
regB data:         0
---WRITEBACK---
waitreq = 0
waitreq = 0
addr is 3217031172
temp addr is 1028,       1029,       1030,       1031
memory is 03, 00, c6, 24
---FETCH---
Fetching instruction at bfc00004. Branch status is:0
!! REG  4 is being written with data 00000002
---DECODE---
Read:0Write:0
Fetched instruction is 24c60003. Accessing registers  6,  6
waitreq = 0
waitreq = 0
---EXEC---
ALU operation 4
Reg  6 = 00000000. Reg  6 = 00000000
---MEMORY---
AluOut:         3
regB data:         0
waitreq = 0
waitreq = 0
---WRITEBACK---
!! REG  6 is being written with data 00000003
---FETCH---
Fetching instruction at bfc00008. Branch status is:0
waitreq = 1
addr is 3217031176
temp addr is 1032,       1033,       1034,       1035
memory is 18, 00, c4, 00
waitreq = 0
---FETCH---
Fetching instruction at bfc00008. Branch status is:0
---DECODE---
Read:0Write:0
Fetched instruction is 00c40018. Accessing registers  6,  4
waitreq = 0
waitreq = 0
---EXEC---
ALU operation15
Reg  6 = 00000003. Reg  4 = 00000002
---MEMORY---
AluOut:         6
regB data:         2
waitreq = 0
waitreq = 0
---WRITEBACK---
---FETCH---
Fetching instruction at bfc0000c. Branch status is:0
waitreq = 0
addr is 3217031180
temp addr is 1036,       1037,       1038,       1039
memory is 05, 00, 42, 24
waitreq = 0
---DECODE---
Read:0Write:0
Fetched instruction is 24420005. Accessing registers  2,  2
---EXEC---
ALU operation 4
Reg  2 = 00000000. Reg  2 = 00000000
waitreq = 0
waitreq = 0
---MEMORY---
AluOut:         5
regB data:         0
---WRITEBACK---
waitreq = 0
waitreq = 1
---FETCH---
Fetching instruction at bfc00010. Branch status is:0
!! REG  2 is being written with data 00000005
addr is 3217031184
temp addr is 1040,       1041,       1042,       1043
memory is 08, 00, 00, 00
---FETCH---
Fetching instruction at bfc00010. Branch status is:0
waitreq = 0
waitreq = 0
---DECODE---
Read:0Write:0
Fetched instruction is 00000008. Accessing registers  0,  0
---EXEC---
ALU operation15
Reg  0 = 00000000. Reg  0 = 00000000
waitreq = 0
waitreq = 0
---MEMORY---
AluOut:        10
regB data:         0
---WRITEBACK---
waitreq = 0
waitreq = 0
addr is 3217031188
temp addr is 1044,       1045,       1046,       1047
memory is 00, 00, 00, 00
---FETCH---
Fetching instruction at bfc00014. Branch status is:2
---DECODE---
Read:0Write:0
Fetched instruction is 00000000. Accessing registers  0,  0
waitreq = 0
waitreq = 0
---EXEC---
ALU operation 8
Reg  0 = 00000000. Reg  0 = 00000000
---MEMORY---
AluOut:         0
regB data:         0
waitreq = 0
waitreq = 0
---WRITEBACK---
---FETCH---
Fetching instruction at 00000000. Branch status is:0
waitreq = 1
register_v0=00000005
active=0
test/mips_cpu_bus_tb.v:82: $finish called at 860 (1s)
waitreq = 0
