Loading initial RAM contents
waitreq = x
waitreq = x
waitreq = x
waitreq = x
waitreq = 0
!!REGISTER RESET
waitreq = 0
waitreq = 1
---FETCH---
Fetching instruction at bfc00000. Branch status is:0
addr is 3217031168
temp addr is    x,          x,          x,          x
memory is xx, xx, xx, xx
---FETCH---
Fetching instruction at bfc00000. Branch status is:0
waitreq = 0
waitreq = 0
---DECODE---
Read:0Write:0
Fetched instruction is xxxxxxxx. Accessing registers  x,  x
---EXEC---
waitreq = 0
TB : CPU asserted read and write at the same time.
waitreq = 0
---MEMORY---
---WRITEBACK---
waitreq = 0
waitreq = 0
addr is 3217031172
temp addr is 2044,       2045,       2046,       2047
memory is 00, 00, 00, 00
---FETCH---
Fetching instruction at bfc00004. Branch status is:0
---DECODE---
Read:0Write:0
Fetched instruction is 00000000. Accessing registers  0,  0
waitreq = 0
waitreq = 0
---EXEC---
---MEMORY---
waitreq = 0
waitreq = 0
---WRITEBACK---
---FETCH---
Fetching instruction at bfc00008. Branch status is:0
waitreq = 1
addr is 3217031176
temp addr is    0,          1,          2,          3
memory is 00, 00, 08, 25
waitreq = 0
---FETCH---
Fetching instruction at bfc00008. Branch status is:0
---DECODE---
Read:0Write:0
Fetched instruction is 25080000. Accessing registers  0,  0
waitreq = 0
waitreq = 0
---EXEC---
---MEMORY---
waitreq = 0
waitreq = 0
---WRITEBACK---
!! REG  8 is being written with data 00000000
---FETCH---
Fetching instruction at bfc0000c. Branch status is:0
waitreq = 0
addr is 3217031180
temp addr is    4,          5,          6,          7
memory is 00, 00, e7, 24
waitreq = 0
---DECODE---
Read:0Write:0
Fetched instruction is 24e70000. Accessing registers  0,  0
---EXEC---
waitreq = 0
waitreq = 0
---MEMORY---
---WRITEBACK---
waitreq = 0
waitreq = 1
---FETCH---
Fetching instruction at bfc00010. Branch status is:0
!! REG  7 is being written with data 00000000
addr is 3217031184
temp addr is    8,          9,         10,         11
memory is 25, 10, e8, 00
---FETCH---
Fetching instruction at bfc00010. Branch status is:0
waitreq = 0
waitreq = 0
---DECODE---
Read:0Write:0
Fetched instruction is 00e81025. Accessing registers  8, 16
---EXEC---
waitreq = 0
waitreq = 0
---MEMORY---
---WRITEBACK---
waitreq = 0
waitreq = 0
addr is 3217031188
temp addr is   12,         13,         14,         15
memory is 03, 00, 42, 24
---FETCH---
Fetching instruction at bfc00014. Branch status is:0
!! REG  2 is being written with data 00000000
---DECODE---
Read:0Write:0
Fetched instruction is 24420003. Accessing registers 24,  0
waitreq = 0
waitreq = 0
---EXEC---
---MEMORY---
waitreq = 0
waitreq = 0
---WRITEBACK---
!! REG  2 is being written with data 00000003
---FETCH---
Fetching instruction at bfc00018. Branch status is:0
waitreq = 1
addr is 3217031192
temp addr is   16,         17,         18,         19
memory is 08, 00, 00, 00
waitreq = 0
---FETCH---
Fetching instruction at bfc00018. Branch status is:0
---DECODE---
Read:0Write:0
Fetched instruction is 00000008. Accessing registers  0,  0
waitreq = 0
waitreq = 0
---EXEC---
---MEMORY---
waitreq = 0
waitreq = 0
---WRITEBACK---
---FETCH---
Fetching instruction at bfc0001c. Branch status is:2
waitreq = 0
addr is 3217031196
temp addr is   20,         21,         22,         23
memory is 00, 00, 00, 00
waitreq = 0
---DECODE---
Read:0Write:0
Fetched instruction is 00000000. Accessing registers  0,  0
---EXEC---
waitreq = 0
waitreq = 0
---MEMORY---
---WRITEBACK---
waitreq = 0
waitreq = 1
---FETCH---
Fetching instruction at 00000000. Branch status is:0
waitreq = 0
register_v0=00000003
active=0
test/mips_cpu_bus_tb.v:82: $finish called at 1080 (1s)
