Loading initial RAM contents
waitreq = x
waitreq = x
waitreq = x
waitreq = x
waitreq = 0
!!REGISTER RESET
waitreq = 0
waitreq = 1
---FETCH---
Fetching instruction at bfc00000. Branch status is:0
addr is 3217031168
temp addr is 1024,       1025,       1026,       1027
memory is 25, 08, 02, 34
---FETCH---
Fetching instruction at bfc00000. Branch status is:0
waitreq = 0
waitreq = 0
---DECODE---
Read:0Write:0
Fetched instruction is 25080234. Accessing registers  8,  8
---EXEC---
ALU operation 4
Reg  8 = 00000000. Reg  8 = 00000000
waitreq = 0
waitreq = 0
---MEMORY---
AluOut:       564
regB data:         0
---WRITEBACK---
waitreq = 0
waitreq = 0
addr is 3217031172
temp addr is 1028,       1029,       1030,       1031
memory is 35, 02, 01, 44
---FETCH---
Fetching instruction at bfc00004. Branch status is:0
!! REG  8 is being written with data 00000234
---DECODE---
Read:0Write:0
Fetched instruction is 35020144. Accessing registers  8,  2
waitreq = 0
waitreq = 0
---EXEC---
ALU operation 1
Reg  8 = 00000234. Reg  2 = 00000000
---MEMORY---
AluOut:       884
regB data:         0
waitreq = 0
waitreq = 0
---WRITEBACK---
!! REG  2 is being written with data 00000374
---FETCH---
Fetching instruction at bfc00008. Branch status is:0
waitreq = 1
addr is 3217031176
temp addr is 1032,       1033,       1034,       1035
memory is 00, 00, 00, 08
waitreq = 0
---FETCH---
Fetching instruction at bfc00008. Branch status is:0
---DECODE---
Read:0Write:0
Fetched instruction is 00000008. Accessing registers  0,  0
waitreq = 0
waitreq = 0
---EXEC---
ALU operation15
Reg  0 = 00000000. Reg  0 = 00000000
---MEMORY---
AluOut:       884
regB data:         0
waitreq = 0
waitreq = 0
---WRITEBACK---
---FETCH---
Fetching instruction at bfc0000c. Branch status is:2
waitreq = 0
addr is 3217031180
temp addr is 1036,       1037,       1038,       1039
memory is 00, 00, 00, 00
waitreq = 0
---DECODE---
Read:0Write:0
Fetched instruction is 00000000. Accessing registers  0,  0
---EXEC---
ALU operation 8
Reg  0 = 00000000. Reg  0 = 00000000
waitreq = 0
waitreq = 0
---MEMORY---
AluOut:         0
regB data:         0
---WRITEBACK---
waitreq = 0
waitreq = 1
---FETCH---
Fetching instruction at 00000000. Branch status is:0
register_v0=00000374
active=0
test/mips_cpu_bus_tb.v:89: $finish called at 640 (1s)
waitreq = 0
