Loading initial RAM contents
waitreq = x
waitreq = x
waitreq = x
waitreq = x
waitreq = 0
!!REGISTER RESET
waitreq = 0
waitreq = 1
---FETCH---
Fetching instruction at bfc00000. Branch status is:0
addr is 3217031168
temp addr is 1024,       1025,       1026,       1027
memory is 26, 10, 00, 08
---FETCH---
Fetching instruction at bfc00000. Branch status is:0
waitreq = 0
waitreq = 0
---DECODE---
Read:0Write:0
Fetched instruction is 26100008. Accessing registers 16, 16
---EXEC---
ALU operation 4
Reg 16 = 00000000. Reg 16 = 00000000
waitreq = 0
waitreq = 0
---MEMORY---
AluOut:         8
regB data:         0
---WRITEBACK---
waitreq = 0
waitreq = 0
addr is 3217031172
temp addr is 1028,       1029,       1030,       1031
memory is 24, 63, ff, ff
---FETCH---
Fetching instruction at bfc00004. Branch status is:0
!! REG 16 is being written with data 00000008
---DECODE---
Read:0Write:0
Fetched instruction is 2463ffff. Accessing registers  3,  3
waitreq = 0
waitreq = 0
---EXEC---
ALU operation 4
Reg  3 = 00000000. Reg  3 = 00000000
---MEMORY---
AluOut:4294967295
regB data:         0
waitreq = 0
waitreq = 0
---WRITEBACK---
!! REG  3 is being written with data ffffffff
---FETCH---
Fetching instruction at bfc00008. Branch status is:0
waitreq = 1
addr is 3217031176
temp addr is 1032,       1033,       1034,       1035
memory is a6, 03, ff, fc
waitreq = 0
---FETCH---
Fetching instruction at bfc00008. Branch status is:0
---DECODE---
Read:0Write:0
Fetched instruction is a603fffc. Accessing registers 16,  3
waitreq = 0
waitreq = 0
---EXEC---
ALU operation 4
Reg 16 = 00000008. Reg  3 = ffffffff
---MEMORY---
AluOut:         4
regB data:4294967295
waitreq = 1
waitreq = 0
addr is          4
temp addr is    4,          5,          6,          7
memory is 00, 00, 00, 00
byteenable is 0011
ffff---MEMORY---
AluOut:         4
regB data:4294967295
---WRITEBACK---
waitreq = 0
waitreq = 0
addr is 3217031180
temp addr is 1036,       1037,       1038,       1039
memory is 86, 02, ff, fc
---FETCH---
Fetching instruction at bfc0000c. Branch status is:0
---DECODE---
Read:0Write:0
Fetched instruction is 8602fffc. Accessing registers 16,  2
waitreq = 0
waitreq = 0
---EXEC---
ALU operation 4
Reg 16 = 00000008. Reg  2 = 00000000
---MEMORY---
AluOut:         4
regB data:         0
waitreq = 1
addr is          4
temp addr is    4,          5,          6,          7
memory is ff, ff, 00, 00
waitreq = 0
---MEMORY---
AluOut:         4
regB data:         0
---WRITEBACK---
waitreq = 0
waitreq = 0
addr is 3217031184
temp addr is 1040,       1041,       1042,       1043
memory is 00, 00, 00, 08
---FETCH---
Fetching instruction at bfc00010. Branch status is:0
!! REG  2 is being written with data ffffffff
---DECODE---
Read:0Write:0
Fetched instruction is 00000008. Accessing registers  0,  0
waitreq = 0
waitreq = 0
---EXEC---
ALU operation15
Reg  0 = 00000000. Reg  0 = 00000000
---MEMORY---
AluOut:         4
regB data:         0
waitreq = 0
waitreq = 0
---WRITEBACK---
---FETCH---
Fetching instruction at bfc00014. Branch status is:2
waitreq = 0
addr is 3217031188
temp addr is 1044,       1045,       1046,       1047
memory is 00, 00, 00, 00
waitreq = 1
---DECODE---
Read:0Write:0
Fetched instruction is 00000000. Accessing registers  0,  0
---EXEC---
ALU operation 8
Reg  0 = 00000000. Reg  0 = 00000000
waitreq = 0
waitreq = 0
---MEMORY---
AluOut:         0
regB data:         0
---WRITEBACK---
waitreq = 0
waitreq = 0
addr is          0
temp addr is    0,          1,          2,          3
memory is 00, 00, 00, 00
---FETCH---
Fetching instruction at 00000000. Branch status is:0
register_v0=ffffffff
active=0
test/mips_cpu_bus_tb.v:86: $finish called at 880 (1s)
waitreq = 0
